Mplus VERSION 8.11 (Mac)
MUTHEN & MUTHEN
07/25/2025   1:30 PM

INPUT INSTRUCTIONS

  TITLE: Bayes Regression With Categorical Predictors;
  DATA:
  file = ./imps/implist.dat;
  ! read in imputation data;
  type = imputation;
  VARIABLE:
  names = id condition male frlunch atrisk stanread efficacy anxiety mathpre mathpost;
  usevariables = mathpost condition frlunch efficacy mathpre;
  MODEL:
  ! focal model;
  mathpost on condition frlunch efficacy mathpre (beta1-beta4);
  MODEL TEST:
  ! wald test that each slope equals 0;
  0 = beta1; 0 = beta2; 0 = beta3; 0 = beta4;
  OUTPUT:
  ! output for standardized coefficients and confidence intervals;
  stdyx cinterval;






*** WARNING in VARIABLE command
  Note that only the first 8 characters of variable names are used in the output.
  Shorten variable names to avoid any confusion.
   1 WARNING(S) FOUND IN THE INPUT INSTRUCTIONS



Bayes Regression With Categorical Predictors;

SUMMARY OF ANALYSIS

Number of groups                                                 1
Average number of observations                                 250

Number of replications
    Requested                                                   20
    Completed                                                   20

Number of dependent variables                                    1
Number of independent variables                                  4
Number of continuous latent variables                            0

Observed dependent variables

  Continuous
   MATHPOST

Observed independent variables
   CONDITIO    FRLUNCH     EFFICACY    MATHPRE


Estimator                                                       ML
Information matrix                                        OBSERVED
Maximum number of iterations                                  1000
Convergence criterion                                    0.500D-04
Maximum number of steepest descent iterations                   20

Input data file(s)
  Multiple data files from
    ./imps/implist.dat

Input data format  FREE


SAMPLE STATISTICS

NOTE:  These are average results over 20 data sets.


     SAMPLE STATISTICS


           Means
              MATHPOST      CONDITIO      FRLUNCH       EFFICACY      MATHPRE
              ________      ________      ________      ________      ________
               56.547         0.460         0.409         3.361        50.096


           Covariances
              MATHPOST      CONDITIO      FRLUNCH       EFFICACY      MATHPRE
              ________      ________      ________      ________      ________
 MATHPOST      90.560
 CONDITIO       0.860         0.248
 FRLUNCH       -1.538        -0.001         0.242
 EFFICACY       4.566         0.130        -0.036         2.556
 MATHPRE       45.637         0.372        -0.382         3.689        74.679


           Correlations
              MATHPOST      CONDITIO      FRLUNCH       EFFICACY      MATHPRE
              ________      ________      ________      ________      ________
 MATHPOST       1.000
 CONDITIO       0.181         1.000
 FRLUNCH       -0.329        -0.006         1.000
 EFFICACY       0.300         0.163        -0.046         1.000
 MATHPRE        0.555         0.086        -0.090         0.267         1.000


MODEL FIT INFORMATION

Number of Free Parameters                        6

Loglikelihood

          H0 Value                        -848.633
          H1 Value                        -848.633

*   The loglikelihood cannot be used directly for chi-square testing with
    imputed data.

Information Criteria

          Akaike (AIC)                    1709.266
          Bayesian (BIC)                  1730.395
          Sample-Size Adjusted BIC        1711.374
            (n* = (n + 2) / 24)

Chi-Square Test of Model Fit

          Value                              0.000
          Degrees of Freedom                     0
          P-Value                           1.0000

RMSEA (Root Mean Square Error Of Approximation)

          Estimate                           0.000
          90 Percent C.I.                    0.248  0.334
          Probability RMSEA <= .05           0.000

CFI/TLI

          CFI                                1.000
          TLI                                1.000

Chi-Square Test of Model Fit for the Baseline Model

          Value                            104.304
          Degrees of Freedom                     4
          P-Value                           0.0000

SRMR (Standardized Root Mean Square Residual)

          Value                              0.000

Wald Test of Parameter Constraints

          Value                            125.646
          Degrees of Freedom                     4
          P-Value                           0.0000



MODEL RESULTS

                                                    Two-Tailed   Rate of
                    Estimate       S.E.  Est./S.E.    P-Value    Missing

 MATHPOST ON
    CONDITION          2.206      1.047      2.107      0.035      0.215
    FRLUNCH           -5.392      1.086     -4.965      0.000      0.267
    EFFICACY           0.832      0.353      2.356      0.018      0.285
    MATHPRE            0.532      0.062      8.515      0.000      0.226

 Intercepts
    MATHPOST          28.301      3.158      8.962      0.000      0.233

 Residual Variances
    MATHPOST          52.070      5.500      9.467      0.000      0.287


QUALITY OF NUMERICAL RESULTS

     Average Condition Number for the Information Matrix      0.918E-04
       (ratio of smallest to largest eigenvalue)


STANDARDIZED MODEL RESULTS


STDYX Standardization

                                                    Two-Tailed   Rate of
                    Estimate       S.E.  Est./S.E.    P-Value    Missing

 MATHPOST ON
    CONDITION          0.116      0.055      2.115      0.034      0.213
    FRLUNCH           -0.278      0.053     -5.252      0.000      0.204
    EFFICACY           0.140      0.058      2.393      0.017      0.265
    MATHPRE            0.483      0.051      9.552      0.000      0.192

 Intercepts
    MATHPOST           2.981      0.447      6.663      0.000      0.288

 Residual Variances
    MATHPOST           0.576      0.053     10.862      0.000      0.204


R-SQUARE

    Observed                                        Two-Tailed   Rate of
    Variable        Estimate       S.E.  Est./S.E.    P-Value    Missing

    MATHPOST           0.424      0.053      8.009      0.000      0.204


CONFIDENCE INTERVALS OF MODEL RESULTS

                  Lower .5%  Lower 2.5%    Lower 5%    Estimate    Upper 5%  Upper 2.5%   Upper .5%

 MATHPOST ON
    CONDITION       -0.490       0.154       0.484       2.206       3.927       4.257       4.901
    FRLUNCH         -8.189      -7.520      -7.178      -5.392      -3.606      -3.263      -2.595
    EFFICACY        -0.078       0.140       0.251       0.832       1.413       1.524       1.742
    MATHPRE          0.371       0.409       0.429       0.532       0.634       0.654       0.693

 Intercepts
    MATHPOST        20.167      22.111      23.106      28.301      33.496      34.491      36.436

 Residual Variances
    MATHPOST        37.903      41.290      43.022      52.070      61.118      62.850      66.237


CONFIDENCE INTERVALS OF STANDARDIZED MODEL RESULTS


STDYX Standardization

                  Lower .5%  Lower 2.5%    Lower 5%    Estimate    Upper 5%  Upper 2.5%   Upper .5%

 MATHPOST ON
    CONDITION       -0.025       0.008       0.026       0.116       0.205       0.223       0.256
    FRLUNCH         -0.415      -0.382      -0.365      -0.278      -0.191      -0.174      -0.142
    EFFICACY        -0.011       0.025       0.044       0.140       0.236       0.254       0.290
    MATHPRE          0.353       0.384       0.400       0.483       0.566       0.582       0.613

 Intercepts
    MATHPOST         1.829       2.104       2.245       2.981       3.717       3.858       4.134

 Residual Variances
    MATHPOST         0.439       0.472       0.488       0.576       0.663       0.679       0.712


TECHNICAL 1 OUTPUT


     PARAMETER SPECIFICATION


           NU
              MATHPOST      CONDITIO      FRLUNCH       EFFICACY      MATHPRE
              ________      ________      ________      ________      ________
                  0             0             0             0             0


           LAMBDA
              MATHPOST      CONDITIO      FRLUNCH       EFFICACY      MATHPRE
              ________      ________      ________      ________      ________
 MATHPOST           0             0             0             0             0
 CONDITIO           0             0             0             0             0
 FRLUNCH            0             0             0             0             0
 EFFICACY           0             0             0             0             0
 MATHPRE            0             0             0             0             0


           THETA
              MATHPOST      CONDITIO      FRLUNCH       EFFICACY      MATHPRE
              ________      ________      ________      ________      ________
 MATHPOST           0
 CONDITIO           0             0
 FRLUNCH            0             0             0
 EFFICACY           0             0             0             0
 MATHPRE            0             0             0             0             0


           ALPHA
              MATHPOST      CONDITIO      FRLUNCH       EFFICACY      MATHPRE
              ________      ________      ________      ________      ________
                  1             0             0             0             0


           BETA
              MATHPOST      CONDITIO      FRLUNCH       EFFICACY      MATHPRE
              ________      ________      ________      ________      ________
 MATHPOST           0             2             3             4             5
 CONDITIO           0             0             0             0             0
 FRLUNCH            0             0             0             0             0
 EFFICACY           0             0             0             0             0
 MATHPRE            0             0             0             0             0


           PSI
              MATHPOST      CONDITIO      FRLUNCH       EFFICACY      MATHPRE
              ________      ________      ________      ________      ________
 MATHPOST           6
 CONDITIO           0             0
 FRLUNCH            0             0             0
 EFFICACY           0             0             0             0
 MATHPRE            0             0             0             0             0


     STARTING VALUES


           NU
              MATHPOST      CONDITIO      FRLUNCH       EFFICACY      MATHPRE
              ________      ________      ________      ________      ________
                0.000         0.000         0.000         0.000         0.000


           LAMBDA
              MATHPOST      CONDITIO      FRLUNCH       EFFICACY      MATHPRE
              ________      ________      ________      ________      ________
 MATHPOST       1.000         0.000         0.000         0.000         0.000
 CONDITIO       0.000         1.000         0.000         0.000         0.000
 FRLUNCH        0.000         0.000         1.000         0.000         0.000
 EFFICACY       0.000         0.000         0.000         1.000         0.000
 MATHPRE        0.000         0.000         0.000         0.000         1.000


           THETA
              MATHPOST      CONDITIO      FRLUNCH       EFFICACY      MATHPRE
              ________      ________      ________      ________      ________
 MATHPOST       0.000
 CONDITIO       0.000         0.000
 FRLUNCH        0.000         0.000         0.000
 EFFICACY       0.000         0.000         0.000         0.000
 MATHPRE        0.000         0.000         0.000         0.000         0.000


           ALPHA
              MATHPOST      CONDITIO      FRLUNCH       EFFICACY      MATHPRE
              ________      ________      ________      ________      ________
               56.166         0.460         0.408         3.372        50.096


           BETA
              MATHPOST      CONDITIO      FRLUNCH       EFFICACY      MATHPRE
              ________      ________      ________      ________      ________
 MATHPOST       0.000         0.000         0.000         0.000         0.000
 CONDITIO       0.000         0.000         0.000         0.000         0.000
 FRLUNCH        0.000         0.000         0.000         0.000         0.000
 EFFICACY       0.000         0.000         0.000         0.000         0.000
 MATHPRE        0.000         0.000         0.000         0.000         0.000


           PSI
              MATHPOST      CONDITIO      FRLUNCH       EFFICACY      MATHPRE
              ________      ________      ________      ________      ________
 MATHPOST      49.874
 CONDITIO       0.000         0.248
 FRLUNCH        0.000         0.000         0.242
 EFFICACY       0.000         0.113        -0.020         2.658
 MATHPRE        0.000         0.372        -0.319         4.248        74.679


     Beginning Time:  13:30:03
        Ending Time:  13:30:03
       Elapsed Time:  00:00:00



MUTHEN & MUTHEN
3463 Stoner Ave.
Los Angeles, CA  90066

Tel: (310) 391-9971
Fax: (310) 391-8971
Web: www.StatModel.com
Support: Support@StatModel.com

Copyright (c) 1998-2024 Muthen & Muthen
