Mplus VERSION 8.11 (Mac)
MUTHEN & MUTHEN
07/30/2025   3:37 PM

INPUT INSTRUCTIONS

  TITLE: Bayes Curvilinear Regression;
  DATA:
  file = ./imps/implist.dat;
  type = imputation;
  VARIABLE:
  names = id condition male frlunch lowach stanread efficacy anxiety mathpre mathpost;
  ! list the squared variable anxietysq from the "DEFINE:" command below;
  usevariables = mathpost anxiety frlunch efficacy mathpre anxietysq;
  DEFINE:
  ! center anxiety at its grandmean;
  center anxiety (grandmean);
  ! compute the squared term;
  anxietysq = anxiety^2;
  MODEL:
  ! focal model
  mathpost on anxiety anxietysq frlunch efficacy mathpre;
  OUTPUT:
  ! output for standardized coefficients and confidence intervals;
  stdyx cinterval;




*** WARNING in VARIABLE command
  Note that only the first 8 characters of variable names are used in the output.
  Shorten variable names to avoid any confusion.
   1 WARNING(S) FOUND IN THE INPUT INSTRUCTIONS



Bayes Curvilinear Regression;

SUMMARY OF ANALYSIS

Number of groups                                                 1
Average number of observations                                 250

Number of replications
    Requested                                                   20
    Completed                                                   20

Number of dependent variables                                    1
Number of independent variables                                  5
Number of continuous latent variables                            0

Observed dependent variables

  Continuous
   MATHPOST

Observed independent variables
   ANXIETY     FRLUNCH     EFFICACY    MATHPRE     ANXIETYS

Variables with special functions

  Centering (GRANDMEAN)
   ANXIETY


Estimator                                                       ML
Information matrix                                        OBSERVED
Maximum number of iterations                                  1000
Convergence criterion                                    0.500D-04
Maximum number of steepest descent iterations                   20

Input data file(s)
  Multiple data files from
    ./imps/implist.dat

Input data format  FREE


SAMPLE STATISTICS

NOTE:  These are average results over 20 data sets.


     SAMPLE STATISTICS


           Means
              MATHPOST      ANXIETY       FRLUNCH       EFFICACY      MATHPRE
              ________      ________      ________      ________      ________
               56.558         0.000         0.410         3.362        50.096


           Means
              ANXIETYS
              ________
               54.644


           Covariances
              MATHPOST      ANXIETY       FRLUNCH       EFFICACY      MATHPRE
              ________      ________      ________      ________      ________
 MATHPOST      89.727
 ANXIETY      -19.034        54.644
 FRLUNCH       -1.517         0.020         0.242
 EFFICACY       4.686        -2.865        -0.032         2.604
 MATHPRE       45.452       -26.151        -0.344         3.833        74.679
 ANXIETYS    -282.580       257.999        -2.517        -3.070      -245.891


           Covariances
              ANXIETYS
              ________
 ANXIETYS    8856.424


           Correlations
              MATHPOST      ANXIETY       FRLUNCH       EFFICACY      MATHPRE
              ________      ________      ________      ________      ________
 MATHPOST       1.000
 ANXIETY       -0.272         1.000
 FRLUNCH       -0.326         0.005         1.000
 EFFICACY       0.307        -0.240        -0.040         1.000
 MATHPRE        0.555        -0.409        -0.081         0.275         1.000
 ANXIETYS      -0.317         0.371        -0.054        -0.020        -0.302


           Correlations
              ANXIETYS
              ________
 ANXIETYS       1.000


MODEL FIT INFORMATION

Number of Free Parameters                        7

Loglikelihood

          H0 Value                        -841.327
          H1 Value                        -841.327

*   The loglikelihood cannot be used directly for chi-square testing with
    imputed data.

Information Criteria

          Akaike (AIC)                    1696.654
          Bayesian (BIC)                  1721.304
          Sample-Size Adjusted BIC        1699.114
            (n* = (n + 2) / 24)

Chi-Square Test of Model Fit

          Value                              0.000
          Degrees of Freedom                     0
          P-Value                           1.0000

RMSEA (Root Mean Square Error Of Approximation)

          Estimate                           0.000
          90 Percent C.I.                    0.259  0.338
          Probability RMSEA <= .05           0.000

CFI/TLI

          CFI                                1.000
          TLI                                1.000

Chi-Square Test of Model Fit for the Baseline Model

          Value                             95.250
          Degrees of Freedom                     5
          P-Value                           0.0000

SRMR (Standardized Root Mean Square Residual)

          Value                              0.000



MODEL RESULTS

                                                    Two-Tailed   Rate of
                    Estimate       S.E.  Est./S.E.    P-Value    Missing

 MATHPOST ON
    ANXIETY            0.034      0.083      0.407      0.684      0.304
    ANXIETYSQ         -0.021      0.006     -3.652      0.000      0.187
    FRLUNCH           -5.687      1.138     -4.998      0.000      0.371
    EFFICACY           1.052      0.341      3.085      0.002      0.276
    MATHPRE            0.471      0.063      7.414      0.000      0.142

 Intercepts
    MATHPOST          32.944      3.283     10.035      0.000      0.135

 Residual Variances
    MATHPOST          49.149      5.588      8.795      0.000      0.388


QUALITY OF NUMERICAL RESULTS

     Average Condition Number for the Information Matrix      0.136E-03
       (ratio of smallest to largest eigenvalue)


STANDARDIZED MODEL RESULTS


STDYX Standardization

                                                    Two-Tailed   Rate of
                    Estimate       S.E.  Est./S.E.    P-Value    Missing

 MATHPOST ON
    ANXIETY            0.027      0.065      0.409      0.683      0.306
    ANXIETYSQ         -0.210      0.056     -3.741      0.000      0.163
    FRLUNCH           -0.295      0.055     -5.346      0.000      0.298
    EFFICACY           0.179      0.058      3.109      0.002      0.272
    MATHPRE            0.430      0.055      7.782      0.000      0.154

 Intercepts
    MATHPOST           3.482      0.446      7.808      0.000      0.165

 Residual Variances
    MATHPOST           0.548      0.053     10.363      0.000      0.229


R-SQUARE

    Observed                                        Two-Tailed   Rate of
    Variable        Estimate       S.E.  Est./S.E.    P-Value    Missing

    MATHPOST           0.452      0.053      8.553      0.000      0.229


CONFIDENCE INTERVALS OF MODEL RESULTS

                  Lower .5%  Lower 2.5%    Lower 5%    Estimate    Upper 5%  Upper 2.5%   Upper .5%

 MATHPOST ON
    ANXIETY         -0.180      -0.129      -0.103       0.034       0.171       0.197       0.248
    ANXIETYSQ       -0.036      -0.033      -0.031      -0.021      -0.012      -0.010      -0.006
    FRLUNCH         -8.618      -7.917      -7.559      -5.687      -3.816      -3.457      -2.756
    EFFICACY         0.174       0.384       0.491       1.052       1.613       1.721       1.931
    MATHPRE          0.307       0.346       0.366       0.471       0.575       0.595       0.634

 Intercepts
    MATHPOST        24.488      26.509      27.543      32.944      38.344      39.378      41.399

 Residual Variances
    MATHPOST        34.755      38.196      39.957      49.149      58.341      60.102      63.543


CONFIDENCE INTERVALS OF STANDARDIZED MODEL RESULTS


STDYX Standardization

                  Lower .5%  Lower 2.5%    Lower 5%    Estimate    Upper 5%  Upper 2.5%   Upper .5%

 MATHPOST ON
    ANXIETY         -0.141      -0.101      -0.080       0.027       0.133       0.154       0.194
    ANXIETYSQ       -0.355      -0.320      -0.302      -0.210      -0.118      -0.100      -0.065
    FRLUNCH         -0.437      -0.403      -0.386      -0.295      -0.204      -0.187      -0.153
    EFFICACY         0.031       0.066       0.084       0.179       0.274       0.292       0.328
    MATHPRE          0.287       0.321       0.339       0.430       0.520       0.538       0.572

 Intercepts
    MATHPOST         2.333       2.608       2.749       3.482       4.216       4.356       4.631

 Residual Variances
    MATHPOST         0.412       0.444       0.461       0.548       0.635       0.651       0.684


TECHNICAL 1 OUTPUT


     PARAMETER SPECIFICATION


           NU
              MATHPOST      ANXIETY       FRLUNCH       EFFICACY      MATHPRE
              ________      ________      ________      ________      ________
                  0             0             0             0             0


           NU
              ANXIETYS
              ________
                  0


           LAMBDA
              MATHPOST      ANXIETY       FRLUNCH       EFFICACY      MATHPRE
              ________      ________      ________      ________      ________
 MATHPOST           0             0             0             0             0
 ANXIETY            0             0             0             0             0
 FRLUNCH            0             0             0             0             0
 EFFICACY           0             0             0             0             0
 MATHPRE            0             0             0             0             0
 ANXIETYS           0             0             0             0             0


           LAMBDA
              ANXIETYS
              ________
 MATHPOST           0
 ANXIETY            0
 FRLUNCH            0
 EFFICACY           0
 MATHPRE            0
 ANXIETYS           0


           THETA
              MATHPOST      ANXIETY       FRLUNCH       EFFICACY      MATHPRE
              ________      ________      ________      ________      ________
 MATHPOST           0
 ANXIETY            0             0
 FRLUNCH            0             0             0
 EFFICACY           0             0             0             0
 MATHPRE            0             0             0             0             0
 ANXIETYS           0             0             0             0             0


           THETA
              ANXIETYS
              ________
 ANXIETYS           0


           ALPHA
              MATHPOST      ANXIETY       FRLUNCH       EFFICACY      MATHPRE
              ________      ________      ________      ________      ________
                  1             0             0             0             0


           ALPHA
              ANXIETYS
              ________
                  0


           BETA
              MATHPOST      ANXIETY       FRLUNCH       EFFICACY      MATHPRE
              ________      ________      ________      ________      ________
 MATHPOST           0             2             3             4             5
 ANXIETY            0             0             0             0             0
 FRLUNCH            0             0             0             0             0
 EFFICACY           0             0             0             0             0
 MATHPRE            0             0             0             0             0
 ANXIETYS           0             0             0             0             0


           BETA
              ANXIETYS
              ________
 MATHPOST           6
 ANXIETY            0
 FRLUNCH            0
 EFFICACY           0
 MATHPRE            0
 ANXIETYS           0


           PSI
              MATHPOST      ANXIETY       FRLUNCH       EFFICACY      MATHPRE
              ________      ________      ________      ________      ________
 MATHPOST           7
 ANXIETY            0             0
 FRLUNCH            0             0             0
 EFFICACY           0             0             0             0
 MATHPRE            0             0             0             0             0
 ANXIETYS           0             0             0             0             0


           PSI
              ANXIETYS
              ________
 ANXIETYS           0


     STARTING VALUES


           NU
              MATHPOST      ANXIETY       FRLUNCH       EFFICACY      MATHPRE
              ________      ________      ________      ________      ________
                0.000         0.000         0.000         0.000         0.000


           NU
              ANXIETYS
              ________
                0.000


           LAMBDA
              MATHPOST      ANXIETY       FRLUNCH       EFFICACY      MATHPRE
              ________      ________      ________      ________      ________
 MATHPOST       1.000         0.000         0.000         0.000         0.000
 ANXIETY        0.000         1.000         0.000         0.000         0.000
 FRLUNCH        0.000         0.000         1.000         0.000         0.000
 EFFICACY       0.000         0.000         0.000         1.000         0.000
 MATHPRE        0.000         0.000         0.000         0.000         1.000
 ANXIETYS       0.000         0.000         0.000         0.000         0.000


           LAMBDA
              ANXIETYS
              ________
 MATHPOST       0.000
 ANXIETY        0.000
 FRLUNCH        0.000
 EFFICACY       0.000
 MATHPRE        0.000
 ANXIETYS       1.000


           THETA
              MATHPOST      ANXIETY       FRLUNCH       EFFICACY      MATHPRE
              ________      ________      ________      ________      ________
 MATHPOST       0.000
 ANXIETY        0.000         0.000
 FRLUNCH        0.000         0.000         0.000
 EFFICACY       0.000         0.000         0.000         0.000
 MATHPRE        0.000         0.000         0.000         0.000         0.000
 ANXIETYS       0.000         0.000         0.000         0.000         0.000


           THETA
              ANXIETYS
              ________
 ANXIETYS       0.000


           ALPHA
              MATHPOST      ANXIETY       FRLUNCH       EFFICACY      MATHPRE
              ________      ________      ________      ________      ________
               56.846         0.000         0.408         3.420        50.096


           ALPHA
              ANXIETYS
              ________
               54.489


           BETA
              MATHPOST      ANXIETY       FRLUNCH       EFFICACY      MATHPRE
              ________      ________      ________      ________      ________
 MATHPOST       0.000         0.000         0.000         0.000         0.000
 ANXIETY        0.000         0.000         0.000         0.000         0.000
 FRLUNCH        0.000         0.000         0.000         0.000         0.000
 EFFICACY       0.000         0.000         0.000         0.000         0.000
 MATHPRE        0.000         0.000         0.000         0.000         0.000
 ANXIETYS       0.000         0.000         0.000         0.000         0.000


           BETA
              ANXIETYS
              ________
 MATHPOST       0.000
 ANXIETY        0.000
 FRLUNCH        0.000
 EFFICACY       0.000
 MATHPRE        0.000
 ANXIETYS       0.000


           PSI
              MATHPOST      ANXIETY       FRLUNCH       EFFICACY      MATHPRE
              ________      ________      ________      ________      ________
 MATHPOST      43.861
 ANXIETY        0.000        54.489
 FRLUNCH        0.000         0.016         0.242
 EFFICACY       0.000        -2.991         0.009         2.620
 MATHPRE        0.000       -25.368        -0.367         3.832        74.679
 ANXIETYS       0.000       246.556        -3.336         0.195      -239.306


           PSI
              ANXIETYS
              ________
 ANXIETYS    8738.579


     Beginning Time:  15:37:46
        Ending Time:  15:37:46
       Elapsed Time:  00:00:00



MUTHEN & MUTHEN
3463 Stoner Ave.
Los Angeles, CA  90066

Tel: (310) 391-9971
Fax: (310) 391-8971
Web: www.StatModel.com
Support: Support@StatModel.com

Copyright (c) 1998-2024 Muthen & Muthen
